Soul Loom bootstrap (Ubuntu/Linux)
Mode: local-first, single-player, no-code-first
== Repository Structure ==
OK - app
OK - editor/csharp
OK - runtime/cpp
OK - ai-orchestration/python
OK - docs
OK - scripts
== Runtime JSON Header ==
Downloading nlohmann/json single header...
Installed - runtime/cpp/external/nlohmann/json.hpp
== Building Runtime Entrypoint (C++) ==
-- The CXX compiler identification is GNU 13.3.0
-- Detecting CXX compiler ABI info
-- Detecting CXX compiler ABI info - done
-- Check for working CXX compiler: /usr/bin/c++ - skipped
-- Detecting CXX compile features
-- Detecting CXX compile features - done
-- Configuring done (2.4s)
-- Generating done (0.0s)
-- Build files have been written to: /home/runner/work/ForgeEngine/ForgeEngine/build/runtime
[1/36] Building CXX object CMakeFiles/soul_runtime.dir/runtime/cpp/Timer.cpp.o
[2/36] Building CXX object CMakeFiles/soul_runtime.dir/runtime/cpp/main.cpp.o
[3/36] Building CXX object CMakeFiles/soul_runtime.dir/runtime/cpp/SpriteBatch.cpp.o
[4/36] Building CXX object CMakeFiles/soul_runtime.dir/runtime/cpp/TilemapChunk.cpp.o
[5/36] Building CXX object CMakeFiles/soul_runtime.dir/runtime/cpp/Scene.cpp.o
[6/36] Building CXX object CMakeFiles/soul_runtime.dir/runtime/cpp/Engine.cpp.o
[7/36] Building CXX object CMakeFiles/soul_runtime.dir/runtime/cpp/BuildingSystem.cpp.o
[8/36] Building CXX object CMakeFiles/soul_runtime.dir/runtime/cpp/InventorySystem.cpp.o
[9/36] Building CXX object CMakeFiles/soul_runtime.dir/runtime/cpp/SettlementSystem.cpp.o
/home/runner/work/ForgeEngine/ForgeEngine/runtime/cpp/SettlementSystem.cpp:14:7: warning: ‘float {anonymous}::Clamp01(float)’ defined but not used [-Wunused-function]
   14 | float Clamp01(float value) {
      |       ^~~~~~~
[10/36] Building CXX object CMakeFiles/soul_runtime.dir/runtime/cpp/VulkanRenderer.cpp.o
[11/36] Building CXX object CMakeFiles/soul_runtime.dir/runtime/cpp/EconomySystem.cpp.o
[12/36] Building CXX object CMakeFiles/soul_runtime.dir/runtime/cpp/CombatSystem.cpp.o
/home/runner/work/ForgeEngine/ForgeEngine/runtime/cpp/CombatSystem.cpp: In function ‘void {anonymous}::ApplyOutcome(Scene&, bool)’:
/home/runner/work/ForgeEngine/ForgeEngine/runtime/cpp/CombatSystem.cpp:166:45: warning: ignoring return value of ‘bool RelationshipSystem::SetDimension(Scene&, uint64_t, const std::string&, float, bool)’, declared with attribute ‘nodiscard’ [-Wunused-result]
  166 |             RelationshipSystem::SetDimension(scene, unit.entity_id, "respect", player_team_won ? 3.0F : -2.0F, false);
      |             ~~~~~~~~~~~~~~~~~~~~~~~~~~~~~~~~^~~~~~~~~~~~~~~~~~~~~~~~~~~~~~~~~~~~~~~~~~~~~~~~~~~~~~~~~~~~~~~~~~~~~~~~~
In file included from /home/runner/work/ForgeEngine/ForgeEngine/runtime/cpp/CombatSystem.cpp:5:
/home/runner/work/ForgeEngine/ForgeEngine/runtime/cpp/RelationshipSystem.h:31:20: note: declared here
   31 | [[nodiscard]] bool SetDimension(Scene& scene, std::uint64_t npc_id, const std::string& dimension, float value, bool absolute);
      |                    ^~~~~~~~~~~~
/home/runner/work/ForgeEngine/ForgeEngine/runtime/cpp/CombatSystem.cpp:167:45: warning: ignoring return value of ‘bool RelationshipSystem::SetDimension(Scene&, uint64_t, const std::string&, float, bool)’, declared with attribute ‘nodiscard’ [-Wunused-result]
  167 |             RelationshipSystem::SetDimension(scene, unit.entity_id, "trust", player_team_won ? 2.0F : -3.0F, false);
      |             ~~~~~~~~~~~~~~~~~~~~~~~~~~~~~~~~^~~~~~~~~~~~~~~~~~~~~~~~~~~~~~~~~~~~~~~~~~~~~~~~~~~~~~~~~~~~~~~~~~~~~~~
/home/runner/work/ForgeEngine/ForgeEngine/runtime/cpp/RelationshipSystem.h:31:20: note: declared here
   31 | [[nodiscard]] bool SetDimension(Scene& scene, std::uint64_t npc_id, const std::string& dimension, float value, bool absolute);
      |                    ^~~~~~~~~~~~
/home/runner/work/ForgeEngine/ForgeEngine/runtime/cpp/CombatSystem.cpp:169:45: warning: ignoring return value of ‘bool RelationshipSystem::SetDimension(Scene&, uint64_t, const std::string&, float, bool)’, declared with attribute ‘nodiscard’ [-Wunused-result]
  169 |             RelationshipSystem::SetDimension(scene, unit.entity_id, "grudge", player_team_won ? 6.0F : 2.0F, false);
      |             ~~~~~~~~~~~~~~~~~~~~~~~~~~~~~~~~^~~~~~~~~~~~~~~~~~~~~~~~~~~~~~~~~~~~~~~~~~~~~~~~~~~~~~~~~~~~~~~~~~~~~~~
/home/runner/work/ForgeEngine/ForgeEngine/runtime/cpp/RelationshipSystem.h:31:20: note: declared here
   31 | [[nodiscard]] bool SetDimension(Scene& scene, std::uint64_t npc_id, const std::string& dimension, float value, bool absolute);
      |                    ^~~~~~~~~~~~
/home/runner/work/ForgeEngine/ForgeEngine/runtime/cpp/CombatSystem.cpp:170:45: warning: ignoring return value of ‘bool RelationshipSystem::SetDimension(Scene&, uint64_t, const std::string&, float, bool)’, declared with attribute ‘nodiscard’ [-Wunused-result]
  170 |             RelationshipSystem::SetDimension(scene, unit.entity_id, "trust", player_team_won ? -4.0F : -1.5F, false);
      |             ~~~~~~~~~~~~~~~~~~~~~~~~~~~~~~~~^~~~~~~~~~~~~~~~~~~~~~~~~~~~~~~~~~~~~~~~~~~~~~~~~~~~~~~~~~~~~~~~~~~~~~~~
/home/runner/work/ForgeEngine/ForgeEngine/runtime/cpp/RelationshipSystem.h:31:20: note: declared here
   31 | [[nodiscard]] bool SetDimension(Scene& scene, std::uint64_t npc_id, const std::string& dimension, float value, bool absolute);
      |                    ^~~~~~~~~~~~
/home/runner/work/ForgeEngine/ForgeEngine/runtime/cpp/CombatSystem.cpp: At global scope:
/home/runner/work/ForgeEngine/ForgeEngine/runtime/cpp/CombatSystem.cpp:42:24: warning: ‘const CombatUnitState* {anonymous}::FindUnit(const Scene&, uint64_t)’ defined but not used [-Wunused-function]
   42 | const CombatUnitState* FindUnit(const Scene& scene, std::uint64_t entity_id) {
      |                        ^~~~~~~~
/home/runner/work/ForgeEngine/ForgeEngine/runtime/cpp/CombatSystem.cpp:24:15: warning: ‘const Entity* {anonymous}::FindEntity(const Scene&, uint64_t)’ defined but not used [-Wunused-function]
   24 | const Entity* FindEntity(const Scene& scene, std::uint64_t entity_id) {
      |               ^~~~~~~~~~
[13/36] Building CXX object CMakeFiles/soul_runtime.dir/runtime/cpp/RealTimeCombatSystem.cpp.o
/home/runner/work/ForgeEngine/ForgeEngine/runtime/cpp/RealTimeCombatSystem.cpp: In function ‘void {anonymous}::ApplyHitReaction(Scene&, Entity&, const Entity&, float)’:
/home/runner/work/ForgeEngine/ForgeEngine/runtime/cpp/RealTimeCombatSystem.cpp:328:37: warning: ignoring return value of ‘bool RelationshipSystem::SetDimension(Scene&, uint64_t, const std::string&, float, bool)’, declared with attribute ‘nodiscard’ [-Wunused-result]
  328 |     RelationshipSystem::SetDimension(scene, target.id, "trust", -6.0F, false);
      |     ~~~~~~~~~~~~~~~~~~~~~~~~~~~~~~~~^~~~~~~~~~~~~~~~~~~~~~~~~~~~~~~~~~~~~~~~~
In file included from /home/runner/work/ForgeEngine/ForgeEngine/runtime/cpp/RealTimeCombatSystem.cpp:4:
/home/runner/work/ForgeEngine/ForgeEngine/runtime/cpp/RelationshipSystem.h:31:20: note: declared here
   31 | [[nodiscard]] bool SetDimension(Scene& scene, std::uint64_t npc_id, const std::string& dimension, float value, bool absolute);
      |                    ^~~~~~~~~~~~
/home/runner/work/ForgeEngine/ForgeEngine/runtime/cpp/RealTimeCombatSystem.cpp:329:37: warning: ignoring return value of ‘bool RelationshipSystem::SetDimension(Scene&, uint64_t, const std::string&, float, bool)’, declared with attribute ‘nodiscard’ [-Wunused-result]
  329 |     RelationshipSystem::SetDimension(scene, target.id, "respect", -3.0F, false);
      |     ~~~~~~~~~~~~~~~~~~~~~~~~~~~~~~~~^~~~~~~~~~~~~~~~~~~~~~~~~~~~~~~~~~~~~~~~~~~
/home/runner/work/ForgeEngine/ForgeEngine/runtime/cpp/RelationshipSystem.h:31:20: note: declared here
   31 | [[nodiscard]] bool SetDimension(Scene& scene, std::uint64_t npc_id, const std::string& dimension, float value, bool absolute);
      |                    ^~~~~~~~~~~~
/home/runner/work/ForgeEngine/ForgeEngine/runtime/cpp/RealTimeCombatSystem.cpp:330:37: warning: ignoring return value of ‘bool RelationshipSystem::SetDimension(Scene&, uint64_t, const std::string&, float, bool)’, declared with attribute ‘nodiscard’ [-Wunused-result]
  330 |     RelationshipSystem::SetDimension(scene, target.id, "grudge", heavy ? 14.0F : 9.0F, false);
      |     ~~~~~~~~~~~~~~~~~~~~~~~~~~~~~~~~^~~~~~~~~~~~~~~~~~~~~~~~~~~~~~~~~~~~~~~~~~~~~~~~~~~~~~~~~
/home/runner/work/ForgeEngine/ForgeEngine/runtime/cpp/RelationshipSystem.h:31:20: note: declared here
   31 | [[nodiscard]] bool SetDimension(Scene& scene, std::uint64_t npc_id, const std::string& dimension, float value, bool absolute);
      |                    ^~~~~~~~~~~~
/home/runner/work/ForgeEngine/ForgeEngine/runtime/cpp/RealTimeCombatSystem.cpp: In function ‘void RealTimeCombatSystem::Update(Scene&, float)’:
/home/runner/work/ForgeEngine/ForgeEngine/runtime/cpp/RealTimeCombatSystem.cpp:730:61: warning: ignoring return value of ‘bool RelationshipSystem::SetDimension(Scene&, uint64_t, const std::string&, float, bool)’, declared with attribute ‘nodiscard’ [-Wunused-result]
  730 |                             RelationshipSystem::SetDimension(scene, entity.id, "respect", attack_variant == "finisher" ? 5.0F : 2.0F, false);
      |                             ~~~~~~~~~~~~~~~~~~~~~~~~~~~~~~~~^~~~~~~~~~~~~~~~~~~~~~~~~~~~~~~~~~~~~~~~~~~~~~~~~~~~~~~~~~~~~~~~~~~~~~~~~~~~~~~~
/home/runner/work/ForgeEngine/ForgeEngine/runtime/cpp/RelationshipSystem.h:31:20: note: declared here
   31 | [[nodiscard]] bool SetDimension(Scene& scene, std::uint64_t npc_id, const std::string& dimension, float value, bool absolute);
      |                    ^~~~~~~~~~~~
/home/runner/work/ForgeEngine/ForgeEngine/runtime/cpp/RealTimeCombatSystem.cpp:731:61: warning: ignoring return value of ‘bool RelationshipSystem::SetDimension(Scene&, uint64_t, const std::string&, float, bool)’, declared with attribute ‘nodiscard’ [-Wunused-result]
  731 |                             RelationshipSystem::SetDimension(scene, entity.id, "trust", attack_variant == "finisher" ? 2.0F : 1.0F, false);
      |                             ~~~~~~~~~~~~~~~~~~~~~~~~~~~~~~~~^~~~~~~~~~~~~~~~~~~~~~~~~~~~~~~~~~~~~~~~~~~~~~~~~~~~~~~~~~~~~~~~~~~~~~~~~~~~~~
/home/runner/work/ForgeEngine/ForgeEngine/runtime/cpp/RelationshipSystem.h:31:20: note: declared here
   31 | [[nodiscard]] bool SetDimension(Scene& scene, std::uint64_t npc_id, const std::string& dimension, float value, bool absolute);
      |                    ^~~~~~~~~~~~
[14/36] Building CXX object CMakeFiles/soul_runtime.dir/runtime/cpp/WeatherSystem.cpp.o
/home/runner/work/ForgeEngine/ForgeEngine/runtime/cpp/WeatherSystem.cpp: In function ‘void WeatherSystem::Update(Scene&, float)’:
/home/runner/work/ForgeEngine/ForgeEngine/runtime/cpp/WeatherSystem.cpp:153:49: warning: ignoring return value of ‘bool RelationshipSystem::SetDimension(Scene&, uint64_t, const std::string&, float, bool)’, declared with attribute ‘nodiscard’ [-Wunused-result]
  153 |                 RelationshipSystem::SetDimension(scene, npc_id, "respect", total_delta * 0.6F, false);
      |                 ~~~~~~~~~~~~~~~~~~~~~~~~~~~~~~~~^~~~~~~~~~~~~~~~~~~~~~~~~~~~~~~~~~~~~~~~~~~~~~~~~~~~~
In file included from /home/runner/work/ForgeEngine/ForgeEngine/runtime/cpp/WeatherSystem.cpp:3:
/home/runner/work/ForgeEngine/ForgeEngine/runtime/cpp/RelationshipSystem.h:31:20: note: declared here
   31 | [[nodiscard]] bool SetDimension(Scene& scene, std::uint64_t npc_id, const std::string& dimension, float value, bool absolute);
      |                    ^~~~~~~~~~~~
/home/runner/work/ForgeEngine/ForgeEngine/runtime/cpp/WeatherSystem.cpp:154:49: warning: ignoring return value of ‘bool RelationshipSystem::SetDimension(Scene&, uint64_t, const std::string&, float, bool)’, declared with attribute ‘nodiscard’ [-Wunused-result]
  154 |                 RelationshipSystem::SetDimension(scene, npc_id, "trust", total_delta, false);
      |                 ~~~~~~~~~~~~~~~~~~~~~~~~~~~~~~~~^~~~~~~~~~~~~~~~~~~~~~~~~~~~~~~~~~~~~~~~~~~~
/home/runner/work/ForgeEngine/ForgeEngine/runtime/cpp/RelationshipSystem.h:31:20: note: declared here
   31 | [[nodiscard]] bool SetDimension(Scene& scene, std::uint64_t npc_id, const std::string& dimension, float value, bool absolute);
      |                    ^~~~~~~~~~~~
/home/runner/work/ForgeEngine/ForgeEngine/runtime/cpp/WeatherSystem.cpp:156:53: warning: ignoring return value of ‘bool RelationshipSystem::SetDimension(Scene&, uint64_t, const std::string&, float, bool)’, declared with attribute ‘nodiscard’ [-Wunused-result]
  156 |                     RelationshipSystem::SetDimension(scene, npc_id, "grudge", std::abs(total_delta) * 0.7F, false);
      |                     ~~~~~~~~~~~~~~~~~~~~~~~~~~~~~~~~^~~~~~~~~~~~~~~~~~~~~~~~~~~~~~~~~~~~~~~~~~~~~~~~~~~~~~~~~~~~~~
/home/runner/work/ForgeEngine/ForgeEngine/runtime/cpp/RelationshipSystem.h:31:20: note: declared here
   31 | [[nodiscard]] bool SetDimension(Scene& scene, std::uint64_t npc_id, const std::string& dimension, float value, bool absolute);
      |                    ^~~~~~~~~~~~
[15/36] Building CXX object CMakeFiles/soul_runtime.dir/runtime/cpp/AudioSystem.cpp.o
[16/36] Building CXX object CMakeFiles/soul_runtime.dir/runtime/cpp/NavmeshSystem.cpp.o
/home/runner/work/ForgeEngine/ForgeEngine/runtime/cpp/NavmeshSystem.cpp: In function ‘void NavmeshSystem::Update(Scene&, float)’:
/home/runner/work/ForgeEngine/ForgeEngine/runtime/cpp/NavmeshSystem.cpp:251:18: warning: ignoring return value of ‘bool NavmeshSystem::BuildPath(Scene&, uint64_t, const glm::vec3&, const std::string&, const std::string&)’, declared with attribute ‘nodiscard’ [-Wunused-result]
  251 |         BuildPath(scene, scene.active_dialog_npc_id, scene.player_proxy_position, "dialog", "");
      |         ~~~~~~~~~^~~~~~~~~~~~~~~~~~~~~~~~~~~~~~~~~~~~~~~~~~~~~~~~~~~~~~~~~~~~~~~~~~~~~~~~~~~~~~
/home/runner/work/ForgeEngine/ForgeEngine/runtime/cpp/NavmeshSystem.cpp:216:6: note: declared here
  216 | bool BuildPath(Scene& scene, std::uint64_t entity_id, const glm::vec3& target_world, const std::string& mode, const std::string& route_id) {
      |      ^~~~~~~~~
/home/runner/work/ForgeEngine/ForgeEngine/runtime/cpp/NavmeshSystem.cpp:304:22: warning: ignoring return value of ‘bool NavmeshSystem::BuildPath(Scene&, uint64_t, const glm::vec3&, const std::string&, const std::string&)’, declared with attribute ‘nodiscard’ [-Wunused-result]
  304 |             BuildPath(scene, npc_id, nav.heading_to_destination ? route_to : route_from, "trade", nav.route_id);
      |             ~~~~~~~~~^~~~~~~~~~~~~~~~~~~~~~~~~~~~~~~~~~~~~~~~~~~~~~~~~~~~~~~~~~~~~~~~~~~~~~~~~~~~~~~~~~~~~~~~~~
/home/runner/work/ForgeEngine/ForgeEngine/runtime/cpp/NavmeshSystem.cpp:216:6: note: declared here
  216 | bool BuildPath(Scene& scene, std::uint64_t entity_id, const glm::vec3& target_world, const std::string& mode, const std::string& route_id) {
      |      ^~~~~~~~~
/home/runner/work/ForgeEngine/ForgeEngine/runtime/cpp/NavmeshSystem.cpp:309:22: warning: ignoring return value of ‘bool NavmeshSystem::BuildPath(Scene&, uint64_t, const glm::vec3&, const std::string&, const std::string&)’, declared with attribute ‘nodiscard’ [-Wunused-result]
  309 |             BuildPath(scene, npc_id, desired_target, "trade", nav.route_id);
      |             ~~~~~~~~~^~~~~~~~~~~~~~~~~~~~~~~~~~~~~~~~~~~~~~~~~~~~~~~~~~~~~~
/home/runner/work/ForgeEngine/ForgeEngine/runtime/cpp/NavmeshSystem.cpp:216:6: note: declared here
  216 | bool BuildPath(Scene& scene, std::uint64_t entity_id, const glm::vec3& target_world, const std::string& mode, const std::string& route_id) {
      |      ^~~~~~~~~
/home/runner/work/ForgeEngine/ForgeEngine/runtime/cpp/NavmeshSystem.cpp: At global scope:
/home/runner/work/ForgeEngine/ForgeEngine/runtime/cpp/NavmeshSystem.cpp:58:11: warning: ‘glm::vec3 {anonymous}::CellToWorldCenter(const NavmeshData&, int, int)’ defined but not used [-Wunused-function]
   58 | glm::vec3 CellToWorldCenter(const NavmeshData& navmesh, int x, int z) {
      |           ^~~~~~~~~~~~~~~~~
[17/36] Building CXX object CMakeFiles/soul_runtime.dir/runtime/cpp/AnimationSystem.cpp.o
[18/36] Building CXX object CMakeFiles/soul_runtime.dir/runtime/cpp/LivingNpcSystem.cpp.o
/home/runner/work/ForgeEngine/ForgeEngine/runtime/cpp/LivingNpcSystem.cpp: In static member function ‘static void LivingNpcSystem::Update(Scene&, float)’:
/home/runner/work/ForgeEngine/ForgeEngine/runtime/cpp/LivingNpcSystem.cpp:50:47: warning: ignoring return value of ‘bool RAGSystem::EvaluateNarrativeCheckpoint(Scene&, const std::string&)’, declared with attribute ‘nodiscard’ [-Wunused-result]
   50 |         RAGSystem::EvaluateNarrativeCheckpoint(scene, "workshop_milestone");
      |         ~~~~~~~~~~~~~~~~~~~~~~~~~~~~~~~~~~~~~~^~~~~~~~~~~~~~~~~~~~~~~~~~~~~
In file included from /home/runner/work/ForgeEngine/ForgeEngine/runtime/cpp/LivingNpcSystem.cpp:4:
/home/runner/work/ForgeEngine/ForgeEngine/runtime/cpp/RAGSystem.h:43:20: note: declared here
   43 | [[nodiscard]] bool EvaluateNarrativeCheckpoint(Scene& scene, const std::string& checkpoint);
      |                    ^~~~~~~~~~~~~~~~~~~~~~~~~~~
/home/runner/work/ForgeEngine/ForgeEngine/runtime/cpp/LivingNpcSystem.cpp:57:47: warning: ignoring return value of ‘bool RAGSystem::EvaluateNarrativeCheckpoint(Scene&, const std::string&)’, declared with attribute ‘nodiscard’ [-Wunused-result]
   57 |         RAGSystem::EvaluateNarrativeCheckpoint(scene, "season_change");
      |         ~~~~~~~~~~~~~~~~~~~~~~~~~~~~~~~~~~~~~~^~~~~~~~~~~~~~~~~~~~~~~~
/home/runner/work/ForgeEngine/ForgeEngine/runtime/cpp/RAGSystem.h:43:20: note: declared here
   43 | [[nodiscard]] bool EvaluateNarrativeCheckpoint(Scene& scene, const std::string& checkpoint);
      |                    ^~~~~~~~~~~~~~~~~~~~~~~~~~~
/home/runner/work/ForgeEngine/ForgeEngine/runtime/cpp/LivingNpcSystem.cpp:61:47: warning: ignoring return value of ‘bool RAGSystem::EvaluateNarrativeCheckpoint(Scene&, const std::string&)’, declared with attribute ‘nodiscard’ [-Wunused-result]
   61 |         RAGSystem::EvaluateNarrativeCheckpoint(scene, "relationship_threshold");
      |         ~~~~~~~~~~~~~~~~~~~~~~~~~~~~~~~~~~~~~~^~~~~~~~~~~~~~~~~~~~~~~~~~~~~~~~~
/home/runner/work/ForgeEngine/ForgeEngine/runtime/cpp/RAGSystem.h:43:20: note: declared here
   43 | [[nodiscard]] bool EvaluateNarrativeCheckpoint(Scene& scene, const std::string& checkpoint);
      |                    ^~~~~~~~~~~~~~~~~~~~~~~~~~~
/home/runner/work/ForgeEngine/ForgeEngine/runtime/cpp/LivingNpcSystem.cpp:68:51: warning: ignoring return value of ‘bool RAGSystem::EvaluateNarrativeCheckpoint(Scene&, const std::string&)’, declared with attribute ‘nodiscard’ [-Wunused-result]
   68 |             RAGSystem::EvaluateNarrativeCheckpoint(scene, "moral_choice");
      |             ~~~~~~~~~~~~~~~~~~~~~~~~~~~~~~~~~~~~~~^~~~~~~~~~~~~~~~~~~~~~~
/home/runner/work/ForgeEngine/ForgeEngine/runtime/cpp/RAGSystem.h:43:20: note: declared here
   43 | [[nodiscard]] bool EvaluateNarrativeCheckpoint(Scene& scene, const std::string& checkpoint);
      |                    ^~~~~~~~~~~~~~~~~~~~~~~~~~~
[19/36] Building CXX object CMakeFiles/soul_runtime.dir/runtime/cpp/NPCController.cpp.o
[20/36] Building CXX object CMakeFiles/soul_runtime.dir/runtime/cpp/FreeWillSystem.cpp.o
/home/runner/work/ForgeEngine/ForgeEngine/runtime/cpp/FreeWillSystem.cpp: In function ‘bool {anonymous}::ApplySpark(Scene&, const FreeWillSparkRequest&, std::minstd_rand&)’:
/home/runner/work/ForgeEngine/ForgeEngine/runtime/cpp/FreeWillSystem.cpp:231:51: warning: ignoring return value of ‘bool RAGSystem::EvaluateNarrativeCheckpoint(Scene&, const std::string&)’, declared with attribute ‘nodiscard’ [-Wunused-result]
  231 |             RAGSystem::EvaluateNarrativeCheckpoint(scene, checkpoint);
      |             ~~~~~~~~~~~~~~~~~~~~~~~~~~~~~~~~~~~~~~^~~~~~~~~~~~~~~~~~~
In file included from /home/runner/work/ForgeEngine/ForgeEngine/runtime/cpp/FreeWillSystem.cpp:5:
/home/runner/work/ForgeEngine/ForgeEngine/runtime/cpp/RAGSystem.h:43:20: note: declared here
   43 | [[nodiscard]] bool EvaluateNarrativeCheckpoint(Scene& scene, const std::string& checkpoint);
      |                    ^~~~~~~~~~~~~~~~~~~~~~~~~~~
/home/runner/work/ForgeEngine/ForgeEngine/runtime/cpp/FreeWillSystem.cpp: At global scope:
/home/runner/work/ForgeEngine/ForgeEngine/runtime/cpp/FreeWillSystem.cpp:149:31: warning: ‘std::optional<{anonymous}::SparkDirective> {anonymous}::ParseLlamaOutput(const std::string&)’ defined but not used [-Wunused-function]
  149 | std::optional<SparkDirective> ParseLlamaOutput(const std::string& output) {
      |                               ^~~~~~~~~~~~~~~~
[21/36] Building CXX object CMakeFiles/soul_runtime.dir/runtime/cpp/RAGSystem.cpp.o
[22/36] Building CXX object CMakeFiles/soul_runtime.dir/runtime/cpp/DialogSystem.cpp.o
[23/36] Building CXX object CMakeFiles/soul_runtime.dir/runtime/cpp/ScriptedBehaviorSystem.cpp.o
[24/36] Building CXX object CMakeFiles/soul_runtime.dir/runtime/cpp/FactionSystem.cpp.o
[25/36] Building CXX object CMakeFiles/soul_runtime.dir/runtime/cpp/RelationshipSystem.cpp.o
[26/36] Building CXX object CMakeFiles/soul_runtime.dir/runtime/cpp/DialogEvolutionSystem.cpp.o
[27/36] Building CXX object CMakeFiles/soul_runtime.dir/runtime/cpp/NarratorSystem.cpp.o
[28/36] Building CXX object CMakeFiles/soul_runtime.dir/runtime/cpp/StorySystem.cpp.o
/home/runner/work/ForgeEngine/ForgeEngine/runtime/cpp/StorySystem.cpp:19:7: warning: ‘float {anonymous}::Clamp100(float)’ defined but not used [-Wunused-function]
   19 | float Clamp100(float value) {
      |       ^~~~~~~~
[29/36] Building CXX object CMakeFiles/soul_runtime.dir/runtime/cpp/SceneLoader.cpp.o
[30/36] Building CXX object CMakeFiles/soul_runtime.dir/runtime/cpp/CoCreatorSystem.cpp.o
[31/36] Building CXX object CMakeFiles/soul_runtime.dir/runtime/cpp/CutsceneSystem.cpp.o
[32/36] Building CXX object CMakeFiles/soul_runtime.dir/runtime/cpp/src/input/InputManager.cpp.o
[33/36] Building CXX object CMakeFiles/soul_runtime.dir/runtime/cpp/VoiceSystem.cpp.o
/home/runner/work/ForgeEngine/ForgeEngine/runtime/cpp/VoiceSystem.cpp:52:13: warning: ‘std::string {anonymous}::EscapeSingleQuotes(std::string)’ defined but not used [-Wunused-function]
   52 | std::string EscapeSingleQuotes(std::string text) {
      |             ^~~~~~~~~~~~~~~~~~
[34/36] Building CXX object CMakeFiles/soul_runtime.dir/runtime/cpp/MeshLoader.cpp.o
[35/36] Building CXX object CMakeFiles/soul_runtime.dir/runtime/cpp/TextureLoader.cpp.o
[36/36] Linking CXX executable bin/soul_runtime
== Starting Runtime Only (Headless Smoke) ==
[1;32m2026-05-18 04:33:37 [INFO] Soul Loom Vulkan runtime initialized[0m
[1;32m2026-05-18 04:33:37 [INFO] Audio transition music:music_exploration[0m
[1;33m2026-05-18 04:33:37 [WARN] ProjectHealthGuardrail: score=50 is below soft_warning_threshold=50[0m
[1;32m2026-05-18 04:33:37 [INFO] Loaded scene: scene_scaffold.json[0m
[1;32m2026-05-18 04:33:37 [INFO] Render loop started[0m
[1;32m2026-05-18 04:33:37 [INFO] Headless runtime smoke completed.[0m
Bootstrap completed successfully (runtime-only).
CMake Warning at CMakeLists.txt:202 (message):
  glslc not found; shader compilation target disabled.


