Soul Loom bootstrap (Ubuntu/Linux)
Mode: local-first, single-player, no-code-first
== Repository Structure ==
OK - app
OK - editor/csharp
OK - runtime/cpp
OK - ai-orchestration/python
OK - docs
OK - scripts
== Runtime JSON Header ==
OK - runtime/cpp/external/nlohmann/json.hpp
== Building Runtime Entrypoint (C++) ==
-- Configuring done (0.1s)
-- Generating done (0.0s)
-- Build files have been written to: /home/runner/work/ForgeEngine/ForgeEngine/build/runtime
ninja: no work to do.
== Starting C# App Entrypoint ==
/home/runner/work/ForgeEngine/ForgeEngine/editor/csharp/EditorShell/UI/MainWindow.axaml.cs(1034,27): warning CS0618: 'DataObject' is obsolete: 'Use DataTransfer instead' [/home/runner/work/ForgeEngine/ForgeEngine/editor/csharp/Soul.Editor.csproj]
/home/runner/work/ForgeEngine/ForgeEngine/editor/csharp/EditorShell/UI/MainWindow.axaml.cs(1036,15): warning CS0618: 'DragDrop.DoDragDrop(PointerEventArgs, IDataObject, DragDropEffects)' is obsolete: 'Use DoDragDropAsync instead.' [/home/runner/work/ForgeEngine/ForgeEngine/editor/csharp/Soul.Editor.csproj]
/home/runner/work/ForgeEngine/ForgeEngine/editor/csharp/EditorShell/UI/MainWindow.axaml.cs(1041,14): warning CS0618: 'DragEventArgs.Data' is obsolete: 'Use DataTransfer instead.' [/home/runner/work/ForgeEngine/ForgeEngine/editor/csharp/Soul.Editor.csproj]
/home/runner/work/ForgeEngine/ForgeEngine/editor/csharp/EditorShell/UI/MainWindow.axaml.cs(1054,14): warning CS0618: 'DragEventArgs.Data' is obsolete: 'Use DataTransfer instead.' [/home/runner/work/ForgeEngine/ForgeEngine/editor/csharp/Soul.Editor.csproj]
/home/runner/work/ForgeEngine/ForgeEngine/editor/csharp/EditorShell/UI/MainWindow.axaml.cs(1059,30): warning CS0618: 'DragEventArgs.Data' is obsolete: 'Use DataTransfer instead.' [/home/runner/work/ForgeEngine/ForgeEngine/editor/csharp/Soul.Editor.csproj]
/home/runner/work/ForgeEngine/ForgeEngine/editor/csharp/EditorShell/UI/MainWindow.axaml.cs(1119,14): warning CS0618: 'DragEventArgs.Data' is obsolete: 'Use DataTransfer instead.' [/home/runner/work/ForgeEngine/ForgeEngine/editor/csharp/Soul.Editor.csproj]
/home/runner/work/ForgeEngine/ForgeEngine/editor/csharp/EditorShell/UI/MainWindow.axaml.cs(1124,30): warning CS0618: 'DragEventArgs.Data' is obsolete: 'Use DataTransfer instead.' [/home/runner/work/ForgeEngine/ForgeEngine/editor/csharp/Soul.Editor.csproj]
/home/runner/work/ForgeEngine/ForgeEngine/editor/csharp/EditorShell/UI/MainWindow.axaml.cs(1335,23): warning CS0618: 'DragEventArgs.Data' is obsolete: 'Use DataTransfer instead.' [/home/runner/work/ForgeEngine/ForgeEngine/editor/csharp/Soul.Editor.csproj]
/home/runner/work/ForgeEngine/ForgeEngine/editor/csharp/EditorShell/UI/MainWindow.axaml.cs(1336,51): warning CS0618: 'DragEventArgs.Data' is obsolete: 'Use DataTransfer instead.' [/home/runner/work/ForgeEngine/ForgeEngine/editor/csharp/Soul.Editor.csproj]
/home/runner/work/ForgeEngine/ForgeEngine/editor/csharp/EditorShell/UI/MainWindow.axaml.cs(1336,67): warning CS0618: 'DataFormats.Text' is obsolete: 'Use DataFormat.Text instead.' [/home/runner/work/ForgeEngine/ForgeEngine/editor/csharp/Soul.Editor.csproj]
/home/runner/work/ForgeEngine/ForgeEngine/editor/csharp/EditorShell/UI/MainWindow.axaml.cs(1338,23): warning CS0618: 'DragEventArgs.Data' is obsolete: 'Use DataTransfer instead.' [/home/runner/work/ForgeEngine/ForgeEngine/editor/csharp/Soul.Editor.csproj]
/home/runner/work/ForgeEngine/ForgeEngine/editor/csharp/EditorShell/UI/MainWindow.axaml.cs(1371,23): warning CS0618: 'DragEventArgs.Data' is obsolete: 'Use DataTransfer instead.' [/home/runner/work/ForgeEngine/ForgeEngine/editor/csharp/Soul.Editor.csproj]
/home/runner/work/ForgeEngine/ForgeEngine/editor/csharp/EditorShell/UI/MainWindow.axaml.cs(1372,51): warning CS0618: 'DragEventArgs.Data' is obsolete: 'Use DataTransfer instead.' [/home/runner/work/ForgeEngine/ForgeEngine/editor/csharp/Soul.Editor.csproj]
/home/runner/work/ForgeEngine/ForgeEngine/editor/csharp/EditorShell/UI/MainWindow.axaml.cs(1372,67): warning CS0618: 'DataFormats.Text' is obsolete: 'Use DataFormat.Text instead.' [/home/runner/work/ForgeEngine/ForgeEngine/editor/csharp/Soul.Editor.csproj]
/home/runner/work/ForgeEngine/ForgeEngine/editor/csharp/EditorShell/UI/MainWindow.axaml.cs(1374,23): warning CS0618: 'DragEventArgs.Data' is obsolete: 'Use DataTransfer instead.' [/home/runner/work/ForgeEngine/ForgeEngine/editor/csharp/Soul.Editor.csproj]
/home/runner/work/ForgeEngine/ForgeEngine/editor/csharp/EditorShell/UI/MainWindow.axaml.cs(1424,24): warning CS0618: 'DataObject' is obsolete: 'Use DataTransfer instead' [/home/runner/work/ForgeEngine/ForgeEngine/editor/csharp/Soul.Editor.csproj]
/home/runner/work/ForgeEngine/ForgeEngine/editor/csharp/EditorShell/UI/MainWindow.axaml.cs(1426,18): warning CS0618: 'DataFormats.Text' is obsolete: 'Use DataFormat.Text instead.' [/home/runner/work/ForgeEngine/ForgeEngine/editor/csharp/Soul.Editor.csproj]
/home/runner/work/ForgeEngine/ForgeEngine/editor/csharp/EditorShell/UI/MainWindow.axaml.cs(1428,15): warning CS0618: 'DragDrop.DoDragDrop(PointerEventArgs, IDataObject, DragDropEffects)' is obsolete: 'Use DoDragDropAsync instead.' [/home/runner/work/ForgeEngine/ForgeEngine/editor/csharp/Soul.Editor.csproj]
/home/runner/work/ForgeEngine/ForgeEngine/editor/csharp/EditorShell/UI/MainWindow.axaml.cs(1638,23): warning CS0618: 'DragEventArgs.Data' is obsolete: 'Use DataTransfer instead.' [/home/runner/work/ForgeEngine/ForgeEngine/editor/csharp/Soul.Editor.csproj]
/home/runner/work/ForgeEngine/ForgeEngine/editor/csharp/EditorShell/UI/MainWindow.axaml.cs(1639,51): warning CS0618: 'DragEventArgs.Data' is obsolete: 'Use DataTransfer instead.' [/home/runner/work/ForgeEngine/ForgeEngine/editor/csharp/Soul.Editor.csproj]
/home/runner/work/ForgeEngine/ForgeEngine/editor/csharp/EditorShell/UI/MainWindow.axaml.cs(1639,67): warning CS0618: 'DataFormats.Text' is obsolete: 'Use DataFormat.Text instead.' [/home/runner/work/ForgeEngine/ForgeEngine/editor/csharp/Soul.Editor.csproj]
/home/runner/work/ForgeEngine/ForgeEngine/editor/csharp/EditorShell/UI/MainWindow.axaml.cs(1641,23): warning CS0618: 'DragEventArgs.Data' is obsolete: 'Use DataTransfer instead.' [/home/runner/work/ForgeEngine/ForgeEngine/editor/csharp/Soul.Editor.csproj]
/home/runner/work/ForgeEngine/ForgeEngine/editor/csharp/EditorShell/ViewModels/MainWindowViewModel.EditorSystems.cs(1177,27): warning CS8604: Possible null reference argument for parameter 'item' in 'void List<string>.Add(string item)'. [/home/runner/work/ForgeEngine/ForgeEngine/editor/csharp/Soul.Editor.csproj]
/home/runner/work/ForgeEngine/ForgeEngine/editor/csharp/EditorShell/ViewModels/MainWindowViewModel.EditorSystems.cs(1182,27): warning CS8604: Possible null reference argument for parameter 'item' in 'void List<string>.Add(string item)'. [/home/runner/work/ForgeEngine/ForgeEngine/editor/csharp/Soul.Editor.csproj]
/home/runner/work/ForgeEngine/ForgeEngine/editor/csharp/EditorShell/ViewModels/MainWindowViewModel.EditorSystems.cs(1187,27): warning CS8604: Possible null reference argument for parameter 'item' in 'void List<string>.Add(string item)'. [/home/runner/work/ForgeEngine/ForgeEngine/editor/csharp/Soul.Editor.csproj]
/home/runner/work/ForgeEngine/ForgeEngine/editor/csharp/EditorShell/ViewModels/MainWindowViewModel.EditorSystems.cs(1195,27): warning CS8604: Possible null reference argument for parameter 'item' in 'void List<string>.Add(string item)'. [/home/runner/work/ForgeEngine/ForgeEngine/editor/csharp/Soul.Editor.csproj]
/home/runner/work/ForgeEngine/ForgeEngine/editor/csharp/EditorShell/UI/FatalErrorReportWindow.axaml : Avalonia warning AVLN3001: XAML resource "avares://Soul.Editor/EditorShell/UI/FatalErrorReportWindow.axaml" won't be reachable via runtime loader, as no public constructor was found [/home/runner/work/ForgeEngine/ForgeEngine/editor/csharp/Soul.Editor.csproj]
/home/runner/work/ForgeEngine/ForgeEngine/editor/csharp/EditorShell/UI/NewProjectWizardWindow.axaml : Avalonia warning AVLN3001: XAML resource "avares://Soul.Editor/EditorShell/UI/NewProjectWizardWindow.axaml" won't be reachable via runtime loader, as no public constructor was found [/home/runner/work/ForgeEngine/ForgeEngine/editor/csharp/Soul.Editor.csproj]
/home/runner/work/ForgeEngine/ForgeEngine/editor/csharp/EditorShell/UI/QuickCommandsWindow.axaml : Avalonia warning AVLN3001: XAML resource "avares://Soul.Editor/EditorShell/UI/QuickCommandsWindow.axaml" won't be reachable via runtime loader, as no public constructor was found [/home/runner/work/ForgeEngine/ForgeEngine/editor/csharp/Soul.Editor.csproj]
/home/runner/work/ForgeEngine/ForgeEngine/editor/csharp/EditorShell/UI/SettingsWindow.axaml : Avalonia warning AVLN3001: XAML resource "avares://Soul.Editor/EditorShell/UI/SettingsWindow.axaml" won't be reachable via runtime loader, as no public constructor was found [/home/runner/work/ForgeEngine/ForgeEngine/editor/csharp/Soul.Editor.csproj]
Soul Loom editor launcher (C# app entrypoint)
Mode: local-first, single-player, no-code-first
Target OS: Windows + Ubuntu
Editor diagnostics log: /home/runner/.local/share/Soul Loom LLC/Soul Loom/logs/editor-20260518.log
Runtime binary path: /home/runner/work/ForgeEngine/ForgeEngine/build/runtime/bin/soul_runtime
Runtime build detected.
Editor launcher started successfully.
Bootstrap completed successfully.
CMake Warning at CMakeLists.txt:202 (message):
  glslc not found; shader compilation target disabled.


